###############################################################################
#
# IAR ELF Linker V9.10.1.308/W64 for ARM                  01/Sep/2021  06:03:16
# Copyright 2007-2021 IAR Systems AB.
#
#    Output file  =  D:\CURSOS\TIVA C\CODIGO\SysTick\Debug\Exe\SysTick.out
#    Map file     =  D:\CURSOS\TIVA C\CODIGO\SysTick\Debug\List\SysTick.map
#    Command line =
#        -f "D:\CURSOS\TIVA C\CODIGO\SysTick\Debug\Exe\SysTick.out.rsp"
#        ("D:\CURSOS\TIVA C\CODIGO\SysTick\Debug\Obj\Core\Scr\Delay.o"
#        "D:\CURSOS\TIVA C\CODIGO\SysTick\Debug\Obj\Core\Scr\main.o"
#        "D:\CURSOS\TIVA C\CODIGO\SysTick\Debug\Obj\Core\Scr\startup_ewarm.o"
#        "D:\CURSOS\TIVA
#        C\CODIGO\SysTick\Debug\Obj\Drivers\CMSIS\system_TM4C123.o"
#        --no_out_extension -o "D:\CURSOS\TIVA
#        C\CODIGO\SysTick\Debug\Exe\SysTick.out" --redirect
#        _Printf=_PrintfFullNoMb --redirect _Scanf=_ScanfFullNoMb --map
#        "D:\CURSOS\TIVA C\CODIGO\SysTick\Debug\List\SysTick.map" --config
#        "D:\archivos de programa\IAR Systems\Embedded Workbench
#        9.0\arm\config\linker\TexasInstruments\TM4C123GH6.icf" --semihosting
#        --entry __iar_program_start --vfe --text_out locale)
#
###############################################################################

*******************************************************************************
*** RUNTIME MODEL ATTRIBUTES
***

CppFlavor       = *
__SystemLibrary = DLib
__dlib_version  = 6


*******************************************************************************
*** HEAP SELECTION
***

The basic heap was selected because some modules are built with
size limitations (and not runtime checking), and --advanced_heap
was not specified.


*******************************************************************************
*** PLACEMENT SUMMARY
***

"A0":  place at address 0x0 { ro section .intvec };
"P1":  place in [from 0x0 to 0x3'ffff] { ro };
define block CSTACK with size = 4K, alignment = 8 { };
define block HEAP with size = 8K, alignment = 8 { };
"P2":  place in [from 0x2000'0000 to 0x2000'7fff] {
          rw, block CSTACK, block HEAP };
do not initialize { rw section .noinit };
initialize by copy { rw };

  Section            Kind         Address   Size  Object
  -------            ----         -------   ----  ------
"A0":                                      0x26c
  .intvec            const            0x0  0x26c  startup_ewarm.o [1]
                                  - 0x26c  0x26c

"P1":                                      0x2f0
  .text              ro code        0x26c   0xd4  Delay.o [1]
  .text              ro code        0x340   0xa4  system_TM4C123.o [2]
  .text              ro code        0x3e4   0x5c  main.o [1]
  .text              ro code        0x440   0x2a  copy_init3.o [5]
  .text              ro code        0x46a    0x2  startup_ewarm.o [1]
  .text              ro code        0x46c   0x28  data_init.o [5]
  .text              ro code        0x494   0x22  startup_ewarm.o [1]
  .text              ro code        0x4b8   0x1c  cstartup_M.o [5]
  .text              ro code        0x4d4   0x22  fpinit_M.o [4]
  .text              ro code        0x4f8   0x1e  cmain.o [5]
  .text              ro code        0x516    0x4  low_level_init.o [3]
  .text              ro code        0x51a    0x4  exit.o [3]
  .text              ro code        0x520    0xa  cexit.o [5]
  .text              ro code        0x52c   0x14  exit.o [6]
  .iar.init_table    const          0x540   0x14  - Linker created -
  Initializer bytes  const          0x554    0x8  <for P2-1>
  .rodata            const          0x55c    0x0  copy_init3.o [5]
                                  - 0x55c  0x2f0

"P2", part 1 of 2:                           0x8
  P2-1                        0x2000'0000    0x8  <Init block>
    .data            inited   0x2000'0000    0x4  system_TM4C123.o [2]
    .bss             inited   0x2000'0004    0x4  Delay.o [1]
                            - 0x2000'0008    0x8

"P2", part 2 of 2:                         0x200
  .noinit            uninit   0x2000'0008  0x200  startup_ewarm.o [1]
                            - 0x2000'0208  0x200

Unused ranges:

         From           To      Size
         ----           --      ----
        0x55c     0x3'ffff  0x3'faa4
  0x2000'0208  0x2000'7fff    0x7df8


*******************************************************************************
*** INIT TABLE
***

          Address      Size
          -------      ----
Copy (__iar_copy_init3)
    1 source range, total size 0x8:
                0x554   0x8
    1 destination range, total size 0x8:
          0x2000'0000   0x8



*******************************************************************************
*** MODULE SUMMARY
***

    Module            ro code  ro data  rw data
    ------            -------  -------  -------
command line/config:
    -------------------------------------------
    Total:

D:\CURSOS\TIVA C\CODIGO\SysTick\Debug\Obj\Core\Scr: [1]
    Delay.o               212        4        4
    main.o                 92
    startup_ewarm.o        36      620      512
    -------------------------------------------
    Total:                340      624      516

D:\CURSOS\TIVA C\CODIGO\SysTick\Debug\Obj\Drivers\CMSIS: [2]
    system_TM4C123.o      164        4        4
    -------------------------------------------
    Total:                164        4        4

dl7M_tln.a: [3]
    exit.o                  4
    low_level_init.o        4
    -------------------------------------------
    Total:                  8

m7M_tls.a: [4]
    fpinit_M.o             34
    -------------------------------------------
    Total:                 34

rt7M_tl.a: [5]
    cexit.o                10
    cmain.o                30
    copy_init3.o           42
    cstartup_M.o           28
    data_init.o            40
    -------------------------------------------
    Total:                150

shb_l.a: [6]
    exit.o                 20
    -------------------------------------------
    Total:                 20

    Gaps                    8
    Linker created                  20
-----------------------------------------------
    Grand Total:          724      648      520


*******************************************************************************
*** ENTRY LIST
***

Entry                       Address   Size  Type      Object
-----                       -------   ----  ----      ------
.iar.init_table$$Base         0x540          --   Gb  - Linker created -
.iar.init_table$$Limit        0x554          --   Gb  - Linker created -
?main                         0x4f9         Code  Gb  cmain.o [5]
Delay_Init                    0x297   0x46  Code  Gb  Delay.o [1]
FaultISR                      0x4b3    0x2  Code  Lc  startup_ewarm.o [1]
GPIOF_Handler                 0x46b    0x2  Code  Gb  startup_ewarm.o [1]
GetTick                       0x291    0x6  Code  Gb  Delay.o [1]
IntDefaultHandler             0x4b5    0x2  Code  Lc  startup_ewarm.o [1]
NmiSR                         0x4b1    0x2  Code  Lc  startup_ewarm.o [1]
Region$$Table$$Base           0x540          --   Gb  - Linker created -
Region$$Table$$Limit          0x554          --   Gb  - Linker created -
ResetISR                      0x495   0x18  Code  Gb  startup_ewarm.o [1]
SysTick_Handler               0x30b   0x14  Code  Gb  Delay.o [1]
SystemCoreClock         0x2000'0000    0x4  Data  Gb  system_TM4C123.o [2]
SystemInit                    0x341   0x74  Code  Gb  system_TM4C123.o [2]
__NVIC_SetPriority            0x26d   0x24  Code  Lc  Delay.o [1]
__cmain                       0x4f9         Code  Gb  cmain.o [5]
__exit                        0x52d   0x14  Code  Gb  exit.o [6]
__iar_copy_init3              0x441   0x2a  Code  Gb  copy_init3.o [5]
__iar_data_init3              0x46d   0x28  Code  Gb  data_init.o [5]
__iar_init_vfp                0x4d5         Code  Gb  fpinit_M.o [4]
__iar_program_start           0x4b9         Code  Gb  cstartup_M.o [5]
__low_level_init              0x517    0x4  Code  Gb  low_level_init.o [3]
__vector_table                  0x0  0x26c  Data  Gb  startup_ewarm.o [1]
_call_main                    0x505         Code  Gb  cmain.o [5]
_exit                         0x521         Code  Gb  cexit.o [5]
delay_ms                      0x2f3   0x18  Code  Gb  Delay.o [1]
delay_us                      0x2dd   0x16  Code  Gb  Delay.o [1]
exit                          0x51b    0x4  Code  Gb  exit.o [3]
main                          0x3e5   0x5c  Code  Gb  main.o [1]
pui32Stack              0x2000'0008  0x200  Data  Lc  startup_ewarm.o [1]
uwTick                  0x2000'0004    0x4  Data  Gb  Delay.o [1]


[1] = D:\CURSOS\TIVA C\CODIGO\SysTick\Debug\Obj\Core\Scr
[2] = D:\CURSOS\TIVA C\CODIGO\SysTick\Debug\Obj\Drivers\CMSIS
[3] = dl7M_tln.a
[4] = m7M_tls.a
[5] = rt7M_tl.a
[6] = shb_l.a

  724 bytes of readonly  code memory
  648 bytes of readonly  data memory
  520 bytes of readwrite data memory

Errors: none
Warnings: none
