###############################################################################
#
# IAR ELF Linker V9.10.1.308/W64 for ARM                  22/Aug/2021  18:07:01
# Copyright 2007-2021 IAR Systems AB.
#
#    Output file  =
#        D:\TRABAJO\UMAKER\CURSOS\ARM - TIVA C -
#        AGOSTO\TIVA-C_Source\SysTick\Debug\Exe\Template.out
#    Map file     =
#        D:\TRABAJO\UMAKER\CURSOS\ARM - TIVA C -
#        AGOSTO\TIVA-C_Source\SysTick\Debug\List\Template.map
#    Command line =
#        -f "D:\TRABAJO\UMAKER\CURSOS\ARM - TIVA C -
#        AGOSTO\TIVA-C_Source\SysTick\Debug\Exe\Template.out.rsp"
#        ("D:\TRABAJO\UMAKER\CURSOS\ARM - TIVA C -
#        AGOSTO\TIVA-C_Source\SysTick\Debug\Obj\Core\Scr\main.o"
#        "D:\TRABAJO\UMAKER\CURSOS\ARM - TIVA C -
#        AGOSTO\TIVA-C_Source\SysTick\Debug\Obj\Core\Scr\startup_ewarm.o"
#        "D:\TRABAJO\UMAKER\CURSOS\ARM - TIVA C -
#        AGOSTO\TIVA-C_Source\SysTick\Debug\Obj\Drivers\CMSIS\system_TM4C123.o"
#        --no_out_extension -o "D:\TRABAJO\UMAKER\CURSOS\ARM - TIVA C -
#        AGOSTO\TIVA-C_Source\SysTick\Debug\Exe\Template.out" --redirect
#        _Printf=_PrintfFullNoMb --redirect _Scanf=_ScanfFullNoMb --map
#        "D:\TRABAJO\UMAKER\CURSOS\ARM - TIVA C -
#        AGOSTO\TIVA-C_Source\SysTick\Debug\List\Template.map" --config
#        "D:\archivos de programa\IAR Systems\Embedded Workbench
#        9.0\arm\config\linker\TexasInstruments\TM4C123GH6.icf" --semihosting
#        --entry __iar_program_start --vfe --text_out locale)
#
###############################################################################

*******************************************************************************
*** RUNTIME MODEL ATTRIBUTES
***

CppFlavor       = *
__SystemLibrary = DLib
__dlib_version  = 6


*******************************************************************************
*** HEAP SELECTION
***

The basic heap was selected because some modules are built with
size limitations (and not runtime checking), and --advanced_heap
was not specified.


*******************************************************************************
*** PLACEMENT SUMMARY
***

"A0":  place at address 0x0 { ro section .intvec };
"P1":  place in [from 0x0 to 0x3'ffff] { ro };
define block CSTACK with size = 4K, alignment = 8 { };
define block HEAP with size = 8K, alignment = 8 { };
"P2":  place in [from 0x2000'0000 to 0x2000'7fff] {
          rw, block CSTACK, block HEAP };
do not initialize { rw section .noinit };
initialize by copy { rw };

  Section            Kind         Address   Size  Object
  -------            ----         -------   ----  ------
"A0":                                      0x26c
  .intvec            const            0x0  0x26c  startup_ewarm.o [1]
                                  - 0x26c  0x26c

"P1":                                      0x260
  .text              ro code        0x26c   0xa4  main.o [1]
  .text              ro code        0x310   0xa4  system_TM4C123.o [2]
  .text              ro code        0x3b4   0x2a  copy_init3.o [5]
  .text              ro code        0x3e0   0x28  data_init.o [5]
  .text              ro code        0x408   0x22  startup_ewarm.o [1]
  .text              ro code        0x42c   0x1c  cstartup_M.o [5]
  .text              ro code        0x448   0x22  fpinit_M.o [4]
  .text              ro code        0x46c   0x1e  cmain.o [5]
  .text              ro code        0x48a    0x4  low_level_init.o [3]
  .text              ro code        0x48e    0x4  exit.o [3]
  .text              ro code        0x494    0xa  cexit.o [5]
  .text              ro code        0x4a0   0x14  exit.o [6]
  .iar.init_table    const          0x4b4   0x14  - Linker created -
  Initializer bytes  const          0x4c8    0x4  <for P2-1>
  .rodata            const          0x4cc    0x0  copy_init3.o [5]
                                  - 0x4cc  0x260

"P2", part 1 of 2:                           0x4
  P2-1                        0x2000'0000    0x4  <Init block>
    .data            inited   0x2000'0000    0x4  system_TM4C123.o [2]
                            - 0x2000'0004    0x4

"P2", part 2 of 2:                         0x200
  .noinit            uninit   0x2000'0004  0x200  startup_ewarm.o [1]
                            - 0x2000'0204  0x200

Unused ranges:

         From           To      Size
         ----           --      ----
        0x4cc     0x3'ffff  0x3'fb34
  0x2000'0204  0x2000'7fff    0x7dfc


*******************************************************************************
*** INIT TABLE
***

          Address      Size
          -------      ----
Copy (__iar_copy_init3)
    1 source range, total size 0x4:
                0x4c8   0x4
    1 destination range, total size 0x4:
          0x2000'0000   0x4



*******************************************************************************
*** MODULE SUMMARY
***

    Module            ro code  ro data  rw data
    ------            -------  -------  -------
command line/config:
    -------------------------------------------
    Total:

D:\TRABAJO\UMAKER\CURSOS\ARM - TIVA C - AGOSTO\TIVA-C_Source\SysTick\Debug\Obj\Core\Scr: [1]
    main.o                164
    startup_ewarm.o        34      620      512
    -------------------------------------------
    Total:                198      620      512

D:\TRABAJO\UMAKER\CURSOS\ARM - TIVA C - AGOSTO\TIVA-C_Source\SysTick\Debug\Obj\Drivers\CMSIS: [2]
    system_TM4C123.o      164        4        4
    -------------------------------------------
    Total:                164        4        4

dl7M_tln.a: [3]
    exit.o                  4
    low_level_init.o        4
    -------------------------------------------
    Total:                  8

m7M_tls.a: [4]
    fpinit_M.o             34
    -------------------------------------------
    Total:                 34

rt7M_tl.a: [5]
    cexit.o                10
    cmain.o                30
    copy_init3.o           42
    cstartup_M.o           28
    data_init.o            40
    -------------------------------------------
    Total:                150

shb_l.a: [6]
    exit.o                 20
    -------------------------------------------
    Total:                 20

    Gaps                   10
    Linker created                  20
-----------------------------------------------
    Grand Total:          584      644      516


*******************************************************************************
*** ENTRY LIST
***

Entry                       Address   Size  Type      Object
-----                       -------   ----  ----      ------
.iar.init_table$$Base         0x4b4          --   Gb  - Linker created -
.iar.init_table$$Limit        0x4c8          --   Gb  - Linker created -
?main                         0x46d         Code  Gb  cmain.o [5]
FaultISR                      0x427    0x2  Code  Lc  startup_ewarm.o [1]
IntDefaultHandler             0x429    0x2  Code  Lc  startup_ewarm.o [1]
NmiSR                         0x425    0x2  Code  Lc  startup_ewarm.o [1]
Region$$Table$$Base           0x4b4          --   Gb  - Linker created -
Region$$Table$$Limit          0x4c8          --   Gb  - Linker created -
ResetISR                      0x409   0x18  Code  Gb  startup_ewarm.o [1]
SystemCoreClock         0x2000'0000    0x4  Data  Gb  system_TM4C123.o [2]
SystemInit                    0x311   0x74  Code  Gb  system_TM4C123.o [2]
__cmain                       0x46d         Code  Gb  cmain.o [5]
__exit                        0x4a1   0x14  Code  Gb  exit.o [6]
__iar_copy_init3              0x3b5   0x2a  Code  Gb  copy_init3.o [5]
__iar_data_init3              0x3e1   0x28  Code  Gb  data_init.o [5]
__iar_init_vfp                0x449         Code  Gb  fpinit_M.o [4]
__iar_program_start           0x42d         Code  Gb  cstartup_M.o [5]
__low_level_init              0x48b    0x4  Code  Gb  low_level_init.o [3]
__vector_table                  0x0  0x26c  Data  Gb  startup_ewarm.o [1]
_call_main                    0x479         Code  Gb  cmain.o [5]
_exit                         0x495         Code  Gb  cexit.o [5]
delay_ms                      0x2b1   0x3c  Code  Gb  main.o [1]
exit                          0x48f    0x4  Code  Gb  exit.o [3]
main                          0x26d   0x44  Code  Gb  main.o [1]
pui32Stack              0x2000'0004  0x200  Data  Lc  startup_ewarm.o [1]


[1] = D:\TRABAJO\UMAKER\CURSOS\ARM - TIVA C - AGOSTO\TIVA-C_Source\SysTick\Debug\Obj\Core\Scr
[2] = D:\TRABAJO\UMAKER\CURSOS\ARM - TIVA C - AGOSTO\TIVA-C_Source\SysTick\Debug\Obj\Drivers\CMSIS
[3] = dl7M_tln.a
[4] = m7M_tls.a
[5] = rt7M_tl.a
[6] = shb_l.a

  584 bytes of readonly  code memory
  644 bytes of readonly  data memory
  516 bytes of readwrite data memory

Errors: none
Warnings: none
