###############################################################################
#
# IAR ELF Linker V9.10.1.308/W64 for ARM                  04/Sep/2021  18:57:07
# Copyright 2007-2021 IAR Systems AB.
#
#    Output file  =
#        D:\TRABAJO\UMAKER\CURSOS\ARM - TIVA C -
#        AGOSTO\TIVA-C_Source\GPIO_DISPLAY_7SEG - IT\Debug\Exe\TIVA-C.out
#    Map file     =
#        D:\TRABAJO\UMAKER\CURSOS\ARM - TIVA C -
#        AGOSTO\TIVA-C_Source\GPIO_DISPLAY_7SEG - IT\Debug\List\TIVA-C.map
#    Command line =
#        -f "D:\TRABAJO\UMAKER\CURSOS\ARM - TIVA C -
#        AGOSTO\TIVA-C_Source\GPIO_DISPLAY_7SEG - IT\Debug\Exe\TIVA-C.out.rsp"
#        ("D:\TRABAJO\UMAKER\CURSOS\ARM - TIVA C -
#        AGOSTO\TIVA-C_Source\GPIO_DISPLAY_7SEG -
#        IT\Debug\Obj\Core\Scr\Delay.o" "D:\TRABAJO\UMAKER\CURSOS\ARM - TIVA C
#        - AGOSTO\TIVA-C_Source\GPIO_DISPLAY_7SEG -
#        IT\Debug\Obj\Core\Scr\main.o" "D:\TRABAJO\UMAKER\CURSOS\ARM - TIVA C -
#        AGOSTO\TIVA-C_Source\GPIO_DISPLAY_7SEG - IT\Debug\Obj\Core\Scr\PLL.o"
#        "D:\TRABAJO\UMAKER\CURSOS\ARM - TIVA C -
#        AGOSTO\TIVA-C_Source\GPIO_DISPLAY_7SEG -
#        IT\Debug\Obj\Core\Scr\startup_ewarm.o" "D:\TRABAJO\UMAKER\CURSOS\ARM -
#        TIVA C - AGOSTO\TIVA-C_Source\GPIO_DISPLAY_7SEG -
#        IT\Debug\Obj\Drivers\CMSIS\system_TM4C123.o"
#        "D:\TRABAJO\UMAKER\CURSOS\ARM - TIVA C -
#        AGOSTO\TIVA-C_Source\GPIO_DISPLAY_7SEG -
#        IT\Debug\Obj\Core\Scr\TM4C123_it.o" --no_out_extension -o
#        "D:\TRABAJO\UMAKER\CURSOS\ARM - TIVA C -
#        AGOSTO\TIVA-C_Source\GPIO_DISPLAY_7SEG - IT\Debug\Exe\TIVA-C.out"
#        --redirect _Printf=_PrintfFullNoMb --redirect _Scanf=_ScanfFullNoMb
#        --map "D:\TRABAJO\UMAKER\CURSOS\ARM - TIVA C -
#        AGOSTO\TIVA-C_Source\GPIO_DISPLAY_7SEG - IT\Debug\List\TIVA-C.map"
#        --config "D:\archivos de programa\IAR Systems\Embedded Workbench
#        9.0\arm\config\linker\TexasInstruments\TM4C123GH6.icf" --semihosting
#        --entry __iar_program_start --vfe --text_out locale)
#
###############################################################################

*******************************************************************************
*** RUNTIME MODEL ATTRIBUTES
***

CppFlavor       = *
__SystemLibrary = DLib
__dlib_version  = 6


*******************************************************************************
*** HEAP SELECTION
***

The basic heap was selected because some modules are built with
size limitations (and not runtime checking), and --advanced_heap
was not specified.


*******************************************************************************
*** PLACEMENT SUMMARY
***

"A0":  place at address 0x0 { ro section .intvec };
"P1":  place in [from 0x0 to 0x3'ffff] { ro };
define block CSTACK with size = 4K, alignment = 8 { };
define block HEAP with size = 8K, alignment = 8 { };
"P2":  place in [from 0x2000'0000 to 0x2000'7fff] {
          rw, block CSTACK, block HEAP };
do not initialize { rw section .noinit };
initialize by copy { rw };

  Section            Kind         Address   Size  Object
  -------            ----         -------   ----  ------
"A0":                                      0x26c
  .intvec            const            0x0  0x26c  startup_ewarm.o [1]
                                  - 0x26c  0x26c

"P1":                                      0x5e0
  .text              ro code        0x26c  0x2c8  main.o [1]
  .text              ro code        0x534   0x84  Delay.o [1]
  .text              ro code        0x5b8   0xc4  TM4C123_it.o [1]
  .text              ro code        0x67c   0xa4  system_TM4C123.o [2]
  .text              ro code        0x720   0x2a  copy_init3.o [5]
  .text              ro code        0x74c   0x28  data_init.o [5]
  .text              ro code        0x774   0x22  startup_ewarm.o [1]
  .text              ro code        0x798   0x1c  cstartup_M.o [5]
  .text              ro code        0x7b4   0x22  fpinit_M.o [4]
  .text              ro code        0x7d8   0x1e  cmain.o [5]
  .text              ro code        0x7f6    0x4  low_level_init.o [3]
  .text              ro code        0x7fa    0x4  exit.o [3]
  .text              ro code        0x800    0xa  cexit.o [5]
  .text              ro code        0x80c   0x14  exit.o [6]
  .iar.init_table    const          0x820   0x14  - Linker created -
  .rodata            const          0x834    0xc  main.o [1]
  Initializer bytes  const          0x840    0xc  <for P2-1>
  .rodata            const          0x84c    0x0  copy_init3.o [5]
                                  - 0x84c  0x5e0

"P2", part 1 of 2:                           0xc
  P2-1                        0x2000'0000    0xa  <Init block>
    .data            inited   0x2000'0000    0x4  system_TM4C123.o [2]
    .bss             inited   0x2000'0004    0x4  Delay.o [1]
    .bss             inited   0x2000'0008    0x1  main.o [1]
    .bss             inited   0x2000'0009    0x1  TM4C123_it.o [1]
                            - 0x2000'000a    0xa

"P2", part 2 of 2:                         0x200
  .noinit            uninit   0x2000'000c  0x200  startup_ewarm.o [1]
                            - 0x2000'020c  0x200

Unused ranges:

         From           To      Size
         ----           --      ----
        0x84c     0x3'ffff  0x3'f7b4
  0x2000'020c  0x2000'7fff    0x7df4


*******************************************************************************
*** INIT TABLE
***

          Address      Size
          -------      ----
Copy (__iar_copy_init3)
    1 source range, total size 0xc (120% of destination):
                0x840   0xc
    1 destination range, total size 0xa:
          0x2000'0000   0xa



*******************************************************************************
*** MODULE SUMMARY
***

    Module            ro code  ro data  rw data
    ------            -------  -------  -------
command line/config:
    -------------------------------------------
    Total:

D:\TRABAJO\UMAKER\CURSOS\ARM - TIVA C - AGOSTO\TIVA-C_Source\GPIO_DISPLAY_7SEG - IT\Debug\Obj\Core\Scr: [1]
    Delay.o               132        4        4
    TM4C123_it.o          196        1        1
    main.o                712       13        1
    startup_ewarm.o        34      620      512
    -------------------------------------------
    Total:              1'074      638      518

D:\TRABAJO\UMAKER\CURSOS\ARM - TIVA C - AGOSTO\TIVA-C_Source\GPIO_DISPLAY_7SEG - IT\Debug\Obj\Drivers\CMSIS: [2]
    system_TM4C123.o      164        4        4
    -------------------------------------------
    Total:                164        4        4

dl7M_tln.a: [3]
    exit.o                  4
    low_level_init.o        4
    -------------------------------------------
    Total:                  8

m7M_tls.a: [4]
    fpinit_M.o             34
    -------------------------------------------
    Total:                 34

rt7M_tl.a: [5]
    cexit.o                10
    cmain.o                30
    copy_init3.o           42
    cstartup_M.o           28
    data_init.o            40
    -------------------------------------------
    Total:                150

shb_l.a: [6]
    exit.o                 20
    -------------------------------------------
    Total:                 20

    Gaps                   10
    Linker created                  22
-----------------------------------------------
    Grand Total:        1'460      664      522


*******************************************************************************
*** ENTRY LIST
***

Entry                       Address   Size  Type      Object
-----                       -------   ----  ----      ------
.iar.init_table$$Base         0x820          --   Gb  - Linker created -
.iar.init_table$$Limit        0x834          --   Gb  - Linker created -
?main                         0x7d9         Code  Gb  cmain.o [5]
Delay_Init                    0x559   0x44  Code  Gb  Delay.o [1]
FaultISR                      0x793    0x2  Code  Lc  startup_ewarm.o [1]
GPIOF_Handler                 0x61d   0x48  Code  Gb  TM4C123_it.o [1]
GPIO_Config                   0x2c1   0xa0  Code  Gb  main.o [1]
GPIO_SW_IT_Config             0x431   0x90  Code  Gb  main.o [1]
IntDefaultHandler             0x795    0x2  Code  Lc  startup_ewarm.o [1]
NmiSR                         0x791    0x2  Code  Lc  startup_ewarm.o [1]
Region$$Table$$Base           0x820          --   Gb  - Linker created -
Region$$Table$$Limit          0x834          --   Gb  - Linker created -
ResetISR                      0x775   0x18  Code  Gb  startup_ewarm.o [1]
SysTick_Handler               0x5b9   0x64  Code  Gb  TM4C123_it.o [1]
SystemCoreClock         0x2000'0000    0x4  Data  Gb  system_TM4C123.o [2]
SystemInit                    0x67d   0x74  Code  Gb  system_TM4C123.o [2]
Table7seg                     0x834    0xc  Data  Gb  main.o [1]
__NVIC_EnableIRQ              0x26d   0x1c  Code  Lc  main.o [1]
__NVIC_SetPriority            0x535   0x24  Code  Lc  Delay.o [1]
__NVIC_SetPriority            0x289   0x24  Code  Lc  main.o [1]
__cmain                       0x7d9         Code  Gb  cmain.o [5]
__exit                        0x80d   0x14  Code  Gb  exit.o [6]
__iar_copy_init3              0x721   0x2a  Code  Gb  copy_init3.o [5]
__iar_data_init3              0x74d   0x28  Code  Gb  data_init.o [5]
__iar_init_vfp                0x7b5         Code  Gb  fpinit_M.o [4]
__iar_program_start           0x799         Code  Gb  cstartup_M.o [5]
__low_level_init              0x7f7    0x4  Code  Gb  low_level_init.o [3]
__vector_table                  0x0  0x26c  Data  Gb  startup_ewarm.o [1]
_call_main                    0x7e5         Code  Gb  cmain.o [5]
_exit                         0x801         Code  Gb  cexit.o [5]
count                   0x2000'0008    0x1  Data  Gb  main.o [1]
display                 0x2000'0009    0x1  Data  Gb  TM4C123_it.o [1]
exit                          0x7fb    0x4  Code  Gb  exit.o [3]
main                          0x2ad   0x14  Code  Gb  main.o [1]
pui32Stack              0x2000'000c  0x200  Data  Lc  startup_ewarm.o [1]
sendDisplay                   0x361   0xd0  Code  Gb  main.o [1]
uwTick                  0x2000'0004    0x4  Data  Gb  Delay.o [1]


[1] = D:\TRABAJO\UMAKER\CURSOS\ARM - TIVA C - AGOSTO\TIVA-C_Source\GPIO_DISPLAY_7SEG - IT\Debug\Obj\Core\Scr
[2] = D:\TRABAJO\UMAKER\CURSOS\ARM - TIVA C - AGOSTO\TIVA-C_Source\GPIO_DISPLAY_7SEG - IT\Debug\Obj\Drivers\CMSIS
[3] = dl7M_tln.a
[4] = m7M_tls.a
[5] = rt7M_tl.a
[6] = shb_l.a

  1'460 bytes of readonly  code memory
    664 bytes of readonly  data memory
    522 bytes of readwrite data memory

Errors: none
Warnings: none
