###############################################################################
#
# IAR ELF Linker V9.10.1.308/W64 for ARM                  18/Sep/2021  19:09:50
# Copyright 2007-2021 IAR Systems AB.
#
#    Output file  =
#        D:\TRABAJO\UMAKER\CURSOS\ARM - TIVA C -
#        AGOSTO\TIVA-C_Source\TIMER\Debug\Exe\Template.out
#    Map file     =
#        D:\TRABAJO\UMAKER\CURSOS\ARM - TIVA C -
#        AGOSTO\TIVA-C_Source\TIMER\Debug\List\Template.map
#    Command line =
#        -f "D:\TRABAJO\UMAKER\CURSOS\ARM - TIVA C -
#        AGOSTO\TIVA-C_Source\TIMER\Debug\Exe\Template.out.rsp"
#        ("D:\TRABAJO\UMAKER\CURSOS\ARM - TIVA C -
#        AGOSTO\TIVA-C_Source\TIMER\Debug\Obj\Core\Scr\main.o"
#        "D:\TRABAJO\UMAKER\CURSOS\ARM - TIVA C -
#        AGOSTO\TIVA-C_Source\TIMER\Debug\Obj\Core\Scr\startup_ewarm.o"
#        "D:\TRABAJO\UMAKER\CURSOS\ARM - TIVA C -
#        AGOSTO\TIVA-C_Source\TIMER\Debug\Obj\Drivers\CMSIS\system_TM4C123.o"
#        "D:\TRABAJO\UMAKER\CURSOS\ARM - TIVA C -
#        AGOSTO\TIVA-C_Source\TIMER\Debug\Obj\Core\Scr\TM4C123_it.o"
#        --no_out_extension -o "D:\TRABAJO\UMAKER\CURSOS\ARM - TIVA C -
#        AGOSTO\TIVA-C_Source\TIMER\Debug\Exe\Template.out" --redirect
#        _Printf=_PrintfFullNoMb --redirect _Scanf=_ScanfFullNoMb --map
#        "D:\TRABAJO\UMAKER\CURSOS\ARM - TIVA C -
#        AGOSTO\TIVA-C_Source\TIMER\Debug\List\Template.map" --config
#        "D:\archivos de programa\IAR Systems\Embedded Workbench
#        9.0\arm\config\linker\TexasInstruments\TM4C123GH6.icf" --semihosting
#        --entry __iar_program_start --vfe --text_out locale)
#
###############################################################################

*******************************************************************************
*** RUNTIME MODEL ATTRIBUTES
***

CppFlavor       = *
__SystemLibrary = DLib
__dlib_version  = 6


*******************************************************************************
*** HEAP SELECTION
***

The basic heap was selected because some modules are built with
size limitations (and not runtime checking), and --advanced_heap
was not specified.


*******************************************************************************
*** PLACEMENT SUMMARY
***

"A0":  place at address 0x0 { ro section .intvec };
"P1":  place in [from 0x0 to 0x3'ffff] { ro };
define block CSTACK with size = 4K, alignment = 8 { };
define block HEAP with size = 8K, alignment = 8 { };
"P2":  place in [from 0x2000'0000 to 0x2000'7fff] {
          rw, block CSTACK, block HEAP };
do not initialize { rw section .noinit };

  Section          Kind         Address   Size  Object
  -------          ----         -------   ----  ------
"A0":                                    0x26c
  .intvec          const            0x0  0x26c  startup_ewarm.o [1]
                                - 0x26c  0x26c

"P1":                                    0x490
  .text            ro code        0x26c  0x268  main.o [1]
  .text            ro code        0x4d4   0xa4  system_TM4C123.o [2]
  .text            ro code        0x578   0x68  TM4C123_it.o [1]
  .text            ro code        0x5e0   0x38  zero_init3.o [5]
  .text            ro code        0x618   0x28  data_init.o [5]
  .text            ro code        0x640   0x22  startup_ewarm.o [1]
  .text            ro code        0x664   0x1c  cstartup_M.o [5]
  .text            ro code        0x680   0x22  fpinit_M.o [4]
  .text            ro code        0x6a4   0x1e  cmain.o [5]
  .text            ro code        0x6c2    0x4  low_level_init.o [3]
  .text            ro code        0x6c6    0x4  exit.o [3]
  .text            ro code        0x6cc    0xa  cexit.o [5]
  .text            ro code        0x6d8   0x14  exit.o [6]
  .iar.init_table  const          0x6ec   0x10  - Linker created -
  .rodata          const          0x6fc    0x0  zero_init3.o [5]
                                - 0x6fc  0x490

"P2", part 1 of 2:                         0x4
  .bss             zero     0x2000'0000    0x4  main.o [1]
                          - 0x2000'0004    0x4

"P2", part 2 of 2:                       0x200
  .noinit          uninit   0x2000'0004  0x200  startup_ewarm.o [1]
                          - 0x2000'0204  0x200

Unused ranges:

         From           To      Size
         ----           --      ----
        0x6fc     0x3'ffff  0x3'f904
  0x2000'0204  0x2000'7fff    0x7dfc


*******************************************************************************
*** INIT TABLE
***

          Address      Size
          -------      ----
Zero (__iar_zero_init3)
    1 destination range, total size 0x4:
          0x2000'0000   0x4



*******************************************************************************
*** MODULE SUMMARY
***

    Module            ro code  ro data  rw data
    ------            -------  -------  -------
command line/config:
    -------------------------------------------
    Total:

D:\TRABAJO\UMAKER\CURSOS\ARM - TIVA C - AGOSTO\TIVA-C_Source\TIMER\Debug\Obj\Core\Scr: [1]
    TM4C123_it.o          104
    main.o                616                 4
    startup_ewarm.o        34      620      512
    -------------------------------------------
    Total:                754      620      516

D:\TRABAJO\UMAKER\CURSOS\ARM - TIVA C - AGOSTO\TIVA-C_Source\TIMER\Debug\Obj\Drivers\CMSIS: [2]
    system_TM4C123.o      164
    -------------------------------------------
    Total:                164

dl7M_tln.a: [3]
    exit.o                  4
    low_level_init.o        4
    -------------------------------------------
    Total:                  8

m7M_tls.a: [4]
    fpinit_M.o             34
    -------------------------------------------
    Total:                 34

rt7M_tl.a: [5]
    cexit.o                10
    cmain.o                30
    cstartup_M.o           28
    data_init.o            40
    zero_init3.o           56
    -------------------------------------------
    Total:                164

shb_l.a: [6]
    exit.o                 20
    -------------------------------------------
    Total:                 20

    Gaps                    8
    Linker created                  16
-----------------------------------------------
    Grand Total:        1'152      636      516


*******************************************************************************
*** ENTRY LIST
***

Entry                       Address   Size  Type      Object
-----                       -------   ----  ----      ------
.iar.init_table$$Base         0x6ec          --   Gb  - Linker created -
.iar.init_table$$Limit        0x6fc          --   Gb  - Linker created -
?main                         0x6a5         Code  Gb  cmain.o [5]
FaultISR                      0x65f    0x2  Code  Lc  startup_ewarm.o [1]
GPIO_Config                   0x347   0x2e  Code  Gb  main.o [1]
IntDefaultHandler             0x661    0x2  Code  Lc  startup_ewarm.o [1]
NmiSR                         0x65d    0x2  Code  Lc  startup_ewarm.o [1]
Region$$Table$$Base           0x6ec          --   Gb  - Linker created -
Region$$Table$$Limit          0x6fc          --   Gb  - Linker created -
ResetISR                      0x641   0x18  Code  Gb  startup_ewarm.o [1]
SystemInit                    0x4d5   0x74  Code  Gb  system_TM4C123.o [2]
TIMER1A_Handler               0x5a3   0x22  Code  Gb  TM4C123_it.o [1]
TIMER1_EdgeCount_Config
                              0x375   0xe8  Code  Gb  main.o [1]
TIMER3A_Handler               0x579   0x2a  Code  Gb  TM4C123_it.o [1]
TIMER3_PeriodicMode           0x2bd   0x8a  Code  Gb  main.o [1]
__NVIC_EnableIRQ              0x26d   0x1c  Code  Lc  main.o [1]
__NVIC_SetPriority            0x289   0x24  Code  Lc  main.o [1]
__cmain                       0x6a5         Code  Gb  cmain.o [5]
__exit                        0x6d9   0x14  Code  Gb  exit.o [6]
__iar_data_init3              0x619   0x28  Code  Gb  data_init.o [5]
__iar_init_vfp                0x681         Code  Gb  fpinit_M.o [4]
__iar_program_start           0x665         Code  Gb  cstartup_M.o [5]
__iar_zero_init3              0x5e1   0x38  Code  Gb  zero_init3.o [5]
__low_level_init              0x6c3    0x4  Code  Gb  low_level_init.o [3]
__vector_table                  0x0  0x26c  Data  Gb  startup_ewarm.o [1]
_call_main                    0x6b1         Code  Gb  cmain.o [5]
_exit                         0x6cd         Code  Gb  cexit.o [5]
exit                          0x6c7    0x4  Code  Gb  exit.o [3]
main                          0x2ad   0x10  Code  Gb  main.o [1]
pui32Stack              0x2000'0004  0x200  Data  Lc  startup_ewarm.o [1]
pulses                  0x2000'0000    0x4  Data  Gb  main.o [1]


[1] = D:\TRABAJO\UMAKER\CURSOS\ARM - TIVA C - AGOSTO\TIVA-C_Source\TIMER\Debug\Obj\Core\Scr
[2] = D:\TRABAJO\UMAKER\CURSOS\ARM - TIVA C - AGOSTO\TIVA-C_Source\TIMER\Debug\Obj\Drivers\CMSIS
[3] = dl7M_tln.a
[4] = m7M_tls.a
[5] = rt7M_tl.a
[6] = shb_l.a

  1'152 bytes of readonly  code memory
    636 bytes of readonly  data memory
    516 bytes of readwrite data memory

Errors: none
Warnings: none
