###############################################################################
#
# IAR ELF Linker V9.10.1.308/W64 for ARM                  11/Sep/2021  17:17:16
# Copyright 2007-2021 IAR Systems AB.
#
#    Output file  =
#        D:\TRABAJO\UMAKER\CURSOS\ARM - TIVA C -
#        AGOSTO\TIVA-C_Source\SysTick_IT_IAR\Debug\Exe\Template.out
#    Map file     =
#        D:\TRABAJO\UMAKER\CURSOS\ARM - TIVA C -
#        AGOSTO\TIVA-C_Source\SysTick_IT_IAR\Debug\List\Template.map
#    Command line =
#        -f "D:\TRABAJO\UMAKER\CURSOS\ARM - TIVA C -
#        AGOSTO\TIVA-C_Source\SysTick_IT_IAR\Debug\Exe\Template.out.rsp"
#        ("D:\TRABAJO\UMAKER\CURSOS\ARM - TIVA C -
#        AGOSTO\TIVA-C_Source\SysTick_IT_IAR\Debug\Obj\Core\Scr\Delay.o"
#        "D:\TRABAJO\UMAKER\CURSOS\ARM - TIVA C -
#        AGOSTO\TIVA-C_Source\SysTick_IT_IAR\Debug\Obj\Core\Scr\main.o"
#        "D:\TRABAJO\UMAKER\CURSOS\ARM - TIVA C -
#        AGOSTO\TIVA-C_Source\SysTick_IT_IAR\Debug\Obj\Core\Scr\PLL.o"
#        "D:\TRABAJO\UMAKER\CURSOS\ARM - TIVA C -
#        AGOSTO\TIVA-C_Source\SysTick_IT_IAR\Debug\Obj\Core\Scr\startup_ewarm.o"
#        "D:\TRABAJO\UMAKER\CURSOS\ARM - TIVA C -
#        AGOSTO\TIVA-C_Source\SysTick_IT_IAR\Debug\Obj\Drivers\CMSIS\system_TM4C123.o"
#        "D:\TRABAJO\UMAKER\CURSOS\ARM - TIVA C -
#        AGOSTO\TIVA-C_Source\SysTick_IT_IAR\Debug\Obj\Core\Scr\TM4C123_it.o"
#        --no_out_extension -o "D:\TRABAJO\UMAKER\CURSOS\ARM - TIVA C -
#        AGOSTO\TIVA-C_Source\SysTick_IT_IAR\Debug\Exe\Template.out" --redirect
#        _Printf=_PrintfFullNoMb --redirect _Scanf=_ScanfFullNoMb --map
#        "D:\TRABAJO\UMAKER\CURSOS\ARM - TIVA C -
#        AGOSTO\TIVA-C_Source\SysTick_IT_IAR\Debug\List\Template.map" --config
#        "D:\archivos de programa\IAR Systems\Embedded Workbench
#        9.0\arm\config\linker\TexasInstruments\TM4C123GH6.icf" --semihosting
#        "D:\TRABAJO\UMAKER\CURSOS\ARM - TIVA C -
#        AGOSTO\TIVA-C_Source\ClockControl\driverlib.a" --entry
#        __iar_program_start --vfe --text_out locale)
#
###############################################################################

*******************************************************************************
*** MESSAGES
***

Warning[Lt009]: Inconsistent wchar_t size
            sysctl.o(driverlib.a) and 2 other objects in driverlib.a have
                      wchar_t size 16 bits
            Delay.o and 18 other objects, some of them in dl7M_tln.a and 11
                      other libraries have wchar_t size 32 bits


*******************************************************************************
*** RUNTIME MODEL ATTRIBUTES
***

CppFlavor       = *
__SystemLibrary = DLib
__dlib_version  = 6


*******************************************************************************
*** HEAP SELECTION
***

The basic heap was selected because some modules are built with
size limitations (and not runtime checking), and --advanced_heap
was not specified.


*******************************************************************************
*** PLACEMENT SUMMARY
***

"A0":  place at address 0x0 { ro section .intvec };
"P1":  place in [from 0x0 to 0x3'ffff] { ro };
define block CSTACK with size = 4K, alignment = 8 { };
define block HEAP with size = 8K, alignment = 8 { };
"P2":  place in [from 0x2000'0000 to 0x2000'7fff] {
          rw, block CSTACK, block HEAP };
do not initialize { rw section .noinit };

  Section          Kind         Address   Size  Object
  -------          ----         -------   ----  ------
"A0":                                    0x26c
  .intvec          const            0x0  0x26c  startup_ewarm.o [1]
                                - 0x26c  0x26c

"P1":                                    0x480
  .text            ro code        0x26c  0x1a4  sysctl.o [4]
  .text            ro code        0x410   0xa4  system_TM4C123.o [2]
  .text            ro code        0x4b4   0x9e  Delay.o [1]
  .text            ro code        0x554   0x60  main.o [1]
  .text            ro code        0x5b4   0x38  zero_init3.o [6]
  .text            ro code        0x5ec   0x28  data_init.o [6]
  .text            ro code        0x614   0x22  startup_ewarm.o [1]
  .text            ro code        0x638   0x1c  cstartup_M.o [6]
  .text            ro code        0x654   0x22  fpinit_M.o [5]
  .text            ro code        0x678   0x1e  cmain.o [6]
  .text            ro code        0x696    0x4  low_level_init.o [3]
  .text            ro code        0x69a    0x4  exit.o [3]
  .text            ro code        0x6a0    0xa  cexit.o [6]
  .text            ro code        0x6ac   0x14  exit.o [7]
  .iar.init_table  const          0x6c0   0x10  - Linker created -
  .text            ro code        0x6d0   0x1c  TM4C123_it.o [1]
  .rodata          const          0x6ec    0x0  zero_init3.o [6]
                                - 0x6ec  0x480

"P2", part 1 of 2:                         0x4
  .bss             zero     0x2000'0000    0x4  Delay.o [1]
                          - 0x2000'0004    0x4

"P2", part 2 of 2:                       0x200
  .noinit          uninit   0x2000'0004  0x200  startup_ewarm.o [1]
                          - 0x2000'0204  0x200

Unused ranges:

         From           To      Size
         ----           --      ----
        0x6ec     0x3'ffff  0x3'f914
  0x2000'0204  0x2000'7fff    0x7dfc


*******************************************************************************
*** INIT TABLE
***

          Address      Size
          -------      ----
Zero (__iar_zero_init3)
    1 destination range, total size 0x4:
          0x2000'0000   0x4



*******************************************************************************
*** MODULE SUMMARY
***

    Module            ro code  ro data  rw data
    ------            -------  -------  -------
command line/config:
    -------------------------------------------
    Total:

D:\TRABAJO\UMAKER\CURSOS\ARM - TIVA C - AGOSTO\TIVA-C_Source\SysTick_IT_IAR\Debug\Obj\Core\Scr: [1]
    Delay.o               158                 4
    TM4C123_it.o           28
    main.o                 96
    startup_ewarm.o        34      620      512
    -------------------------------------------
    Total:                316      620      516

D:\TRABAJO\UMAKER\CURSOS\ARM - TIVA C - AGOSTO\TIVA-C_Source\SysTick_IT_IAR\Debug\Obj\Drivers\CMSIS: [2]
    system_TM4C123.o      164
    -------------------------------------------
    Total:                164

dl7M_tln.a: [3]
    exit.o                  4
    low_level_init.o        4
    -------------------------------------------
    Total:                  8

driverlib.a: [4]
    sysctl.o              420
    -------------------------------------------
    Total:                420

m7M_tls.a: [5]
    fpinit_M.o             34
    -------------------------------------------
    Total:                 34

rt7M_tl.a: [6]
    cexit.o                10
    cmain.o                30
    cstartup_M.o           28
    data_init.o            40
    zero_init3.o           56
    -------------------------------------------
    Total:                164

shb_l.a: [7]
    exit.o                 20
    -------------------------------------------
    Total:                 20

    Gaps                   10
    Linker created                  16
-----------------------------------------------
    Grand Total:        1'136      636      516


*******************************************************************************
*** ENTRY LIST
***

Entry                       Address   Size  Type      Object
-----                       -------   ----  ----      ------
.iar.init_table$$Base         0x6c0          --   Gb  - Linker created -
.iar.init_table$$Limit        0x6d0          --   Gb  - Linker created -
?main                         0x679         Code  Gb  cmain.o [6]
Delay_Init                    0x4df   0x44  Code  Gb  Delay.o [1]
FaultISR                      0x633    0x2  Code  Lc  startup_ewarm.o [1]
GPIO_Config                   0x573   0x2e  Code  Gb  main.o [1]
GetTick                       0x4d9    0x6  Code  Gb  Delay.o [1]
IntDefaultHandler             0x635    0x2  Code  Lc  startup_ewarm.o [1]
NmiSR                         0x631    0x2  Code  Lc  startup_ewarm.o [1]
Region$$Table$$Base           0x6c0          --   Gb  - Linker created -
Region$$Table$$Limit          0x6d0          --   Gb  - Linker created -
ResetISR                      0x615   0x18  Code  Gb  startup_ewarm.o [1]
SysCtlClockGet                0x26d  0x110  Code  Gb  sysctl.o [4]
SysTick_Handler               0x6d1   0x1c  Code  Gb  TM4C123_it.o [1]
SystemInit                    0x411   0x74  Code  Gb  system_TM4C123.o [2]
__NVIC_SetPriority            0x4b5   0x24  Code  Lc  Delay.o [1]
__cmain                       0x679         Code  Gb  cmain.o [6]
__exit                        0x6ad   0x14  Code  Gb  exit.o [7]
__iar_data_init3              0x5ed   0x28  Code  Gb  data_init.o [6]
__iar_init_vfp                0x655         Code  Gb  fpinit_M.o [5]
__iar_program_start           0x639         Code  Gb  cstartup_M.o [6]
__iar_zero_init3              0x5b5   0x38  Code  Gb  zero_init3.o [6]
__low_level_init              0x697    0x4  Code  Gb  low_level_init.o [3]
__vector_table                  0x0  0x26c  Data  Gb  startup_ewarm.o [1]
_call_main                    0x685         Code  Gb  cmain.o [6]
_exit                         0x6a1         Code  Gb  cexit.o [6]
delay_ms                      0x53d   0x16  Code  Gb  Delay.o [1]
exit                          0x69b    0x4  Code  Gb  exit.o [3]
g_pui32Xtals                  0x3a4   0x6c  Data  Lc  sysctl.o [4]
main                          0x555   0x1e  Code  Gb  main.o [1]
pui32Stack              0x2000'0004  0x200  Data  Lc  startup_ewarm.o [1]
uwTick                  0x2000'0000    0x4  Data  Gb  Delay.o [1]


[1] = D:\TRABAJO\UMAKER\CURSOS\ARM - TIVA C - AGOSTO\TIVA-C_Source\SysTick_IT_IAR\Debug\Obj\Core\Scr
[2] = D:\TRABAJO\UMAKER\CURSOS\ARM - TIVA C - AGOSTO\TIVA-C_Source\SysTick_IT_IAR\Debug\Obj\Drivers\CMSIS
[3] = dl7M_tln.a
[4] = driverlib.a
[5] = m7M_tls.a
[6] = rt7M_tl.a
[7] = shb_l.a

  1'136 bytes of readonly  code memory
    636 bytes of readonly  data memory
    516 bytes of readwrite data memory

Errors: none
Warnings: 1
