###############################################################################
#
# IAR ELF Linker V9.10.1.308/W64 for ARM                  25/Sep/2021  17:07:16
# Copyright 2007-2021 IAR Systems AB.
#
#    Output file  =
#        D:\CURSOS\NEXTION\CODIGO\TIVA C\Button\Debug\Exe\Template.out
#    Map file     =
#        D:\CURSOS\NEXTION\CODIGO\TIVA C\Button\Debug\List\Template.map
#    Command line =
#        -f "D:\CURSOS\NEXTION\CODIGO\TIVA C\Button\Debug\Exe\Template.out.rsp"
#        ("D:\CURSOS\NEXTION\CODIGO\TIVA C\Button\Debug\Obj\Core\Scr\Delay.o"
#        "D:\CURSOS\NEXTION\CODIGO\TIVA C\Button\Debug\Obj\Core\Scr\main.o"
#        "D:\CURSOS\NEXTION\CODIGO\TIVA C\Button\Debug\Obj\Core\Scr\retarget.o"
#        "D:\CURSOS\NEXTION\CODIGO\TIVA
#        C\Button\Debug\Obj\Core\Scr\startup_ewarm.o"
#        "D:\CURSOS\NEXTION\CODIGO\TIVA
#        C\Button\Debug\Obj\Drivers\CMSIS\system_TM4C123.o"
#        "D:\CURSOS\NEXTION\CODIGO\TIVA
#        C\Button\Debug\Obj\Core\Scr\tm4c123_it.o"
#        "D:\CURSOS\NEXTION\CODIGO\TIVA C\Button\Debug\Obj\Core\Scr\UART.o"
#        --no_out_extension -o "D:\CURSOS\NEXTION\CODIGO\TIVA
#        C\Button\Debug\Exe\Template.out" --redirect _Printf=_PrintfFullNoMb
#        --redirect _Scanf=_ScanfFullNoMb --map "D:\CURSOS\NEXTION\CODIGO\TIVA
#        C\Button\Debug\List\Template.map" --config "D:\archivos de
#        programa\IAR Systems\Embedded Workbench
#        9.0\arm\config\linker\TexasInstruments\TM4C123GH6.icf" --semihosting
#        --entry __iar_program_start --vfe --text_out locale)
#
###############################################################################

*******************************************************************************
*** RUNTIME MODEL ATTRIBUTES
***

CppFlavor       = *
__SystemLibrary = DLib
__dlib_version  = 6


*******************************************************************************
*** HEAP SELECTION
***

The basic heap was selected because some modules are built with
size limitations (and not runtime checking), and --advanced_heap
was not specified.


*******************************************************************************
*** PLACEMENT SUMMARY
***

"A0":  place at address 0x0 { ro section .intvec };
"P1":  place in [from 0x0 to 0x3'ffff] { ro };
define block CSTACK with size = 4K, alignment = 8 { };
define block HEAP with size = 8K, alignment = 8 { };
"P2":  place in [from 0x2000'0000 to 0x2000'7fff] {
          rw, block CSTACK, block HEAP };
do not initialize { rw section .noinit };
initialize by copy { rw };

  Section            Kind         Address    Size  Object
  -------            ----         -------    ----  ------
"A0":                                       0x26c
  .intvec            const            0x0   0x26c  startup_ewarm.o [1]
                                  - 0x26c   0x26c

"P1":                                      0x2418
  .text              ro code        0x26c   0xf16  xprintffull_nomb.o [3]
  .text              ro code       0x1182    0x2a  copy_init3.o [5]
  .text              ro code       0x11ac    0x16  strchr.o [5]
  .text              ro code       0x11c2     0xa  xsprout.o [3]
  .text              ro code       0x11cc    0x40  xfail_s.o [3]
  .text              ro code       0x120c    0x36  strlen.o [5]
  .text              ro code       0x1244    0x58  memchr.o [5]
  .text              ro code       0x129c    0x76  ABImemcpy_unaligned.o [5]
  .text              ro code       0x1314    0x70  frexp.o [4]
  .text              ro code       0x1384    0x34  DblCmpLe.o [4]
  .text              ro code       0x13b8    0x34  DblCmpGe.o [4]
  .text              ro code       0x13ec   0x13a  ldexp.o [4]
  .text              ro code       0x1528    0x36  DblToS32.o [4]
  .text              ro code       0x1560    0x22  S32ToDbl.o [4]
  .text              ro code       0x1584   0x25e  DblAddSub.o [4]
  .text              ro code       0x17e4   0x246  DblDiv.o [4]
  .text              ro code       0x1a2c    0x22  DblToU32.o [4]
  .text              ro code       0x1a50    0x1c  U32ToDbl.o [4]
  .text              ro code       0x1a6c   0x1aa  DblMul.o [4]
  .text              ro code       0x1c18   0x230  I64DivMod.o [5]
  .text              ro code       0x1e48     0x6  abort.o [3]
  .text              ro code       0x1e50     0x2  I64DivZer.o [5]
  .text              ro code       0x1e54    0x14  exit.o [6]
  .text              ro code       0x1e68   0x2f2  UART.o [1]
  .text              ro code       0x215c    0x48  FltToDbl.o [4]
  .text              ro code       0x21a4    0xfc  main.o [1]
  .text              ro code       0x22a0    0x40  sprintf.o [3]
  .text              ro code       0x22e0    0x84  Delay.o [1]
  .text              ro code       0x2364    0xa4  system_TM4C123.o [2]
  .text              ro code       0x2408    0x78  tm4c123_it.o [1]
  .text              ro code       0x2480    0x28  printf.o [3]
  .text              ro code       0x24a8    0x4e  retarget.o [1]
  .text              ro code       0x24f6    0x38  zero_init3.o [5]
  .text              ro code       0x2530    0x28  data_init.o [5]
  .text              ro code       0x2558    0x22  startup_ewarm.o [1]
  .text              ro code       0x257c    0x1c  cstartup_M.o [5]
  .text              ro code       0x2598    0x22  fpinit_M.o [4]
  .text              ro code       0x25bc    0x1e  cmain.o [5]
  .text              ro code       0x25da     0x4  low_level_init.o [3]
  .text              ro code       0x25de     0x4  exit.o [3]
  .text              ro code       0x25e4     0xa  cexit.o [5]
  .iar.init_table    const         0x25f0    0x24  - Linker created -
  .text              ro code       0x2614    0x20  putchar.o [3]
  .text              ro code       0x2634    0x16  xprout.o [3]
  .rodata            const         0x264c    0x14  tm4c123_it.o [1]
  .rodata            const         0x2660     0xc  main.o [1]
  .rodata            const         0x266c     0x8  main.o [1]
  .rodata            const         0x2674     0x8  main.o [1]
  Initializer bytes  const         0x267c     0x8  <for P2-1>
  .rodata            const         0x2684     0x0  zero_init3.o [5]
  .rodata            const         0x2684     0x0  copy_init3.o [5]
                                 - 0x2684  0x2418

"P2", part 1 of 3:                            0x8
  P2-1                        0x2000'0000     0x8  <Init block>
    .data            inited   0x2000'0000     0x4  main.o [1]
    .data            inited   0x2000'0004     0x4  system_TM4C123.o [2]
                            - 0x2000'0008     0x8

"P2", part 2 of 3:                           0x70
  .bss               zero     0x2000'0008    0x64  main.o [1]
  .bss               zero     0x2000'006c     0x4  Delay.o [1]
  .bss               zero     0x2000'0070     0x4  main.o [1]
  .bss               zero     0x2000'0074     0x4  xfail_s.o [3]
                            - 0x2000'0078    0x70

"P2", part 3 of 3:                          0x200
  .noinit            uninit   0x2000'0078   0x200  startup_ewarm.o [1]
                            - 0x2000'0278   0x200

Unused ranges:

         From           To      Size
         ----           --      ----
       0x2684     0x3'ffff  0x3'd97c
  0x2000'0278  0x2000'7fff    0x7d88


*******************************************************************************
*** INIT TABLE
***

          Address      Size
          -------      ----
Zero (__iar_zero_init3)
    1 destination range, total size 0x70:
          0x2000'0008  0x70

Copy (__iar_copy_init3)
    1 source range, total size 0x8:
               0x267c   0x8
    1 destination range, total size 0x8:
          0x2000'0000   0x8



*******************************************************************************
*** MODULE SUMMARY
***

    Module                 ro code  ro data  rw data
    ------                 -------  -------  -------
command line/config:
    ------------------------------------------------
    Total:

D:\CURSOS\NEXTION\CODIGO\TIVA C\Button\Debug\Obj\Core\Scr: [1]
    Delay.o                    132                 4
    UART.o                     754
    main.o                     252       32      108
    retarget.o                  78
    startup_ewarm.o             34      620      512
    tm4c123_it.o               120       20
    ------------------------------------------------
    Total:                   1'370      672      624

D:\CURSOS\NEXTION\CODIGO\TIVA C\Button\Debug\Obj\Drivers\CMSIS: [2]
    system_TM4C123.o           164        4        4
    ------------------------------------------------
    Total:                     164        4        4

dl7M_tln.a: [3]
    abort.o                      6
    exit.o                       4
    low_level_init.o             4
    printf.o                    40
    putchar.o                   32
    sprintf.o                   64
    xfail_s.o                   64                 4
    xprintffull_nomb.o       3'862
    xprout.o                    22
    xsprout.o                   10
    ------------------------------------------------
    Total:                   4'108                 4

m7M_tls.a: [4]
    DblAddSub.o                606
    DblCmpGe.o                  52
    DblCmpLe.o                  52
    DblDiv.o                   582
    DblMul.o                   426
    DblToS32.o                  54
    DblToU32.o                  34
    FltToDbl.o                  72
    S32ToDbl.o                  34
    U32ToDbl.o                  28
    fpinit_M.o                  34
    frexp.o                    112
    ldexp.o                    314
    ------------------------------------------------
    Total:                   2'400

rt7M_tl.a: [5]
    ABImemcpy_unaligned.o      118
    I64DivMod.o                560
    I64DivZer.o                  2
    cexit.o                     10
    cmain.o                     30
    copy_init3.o                42
    cstartup_M.o                28
    data_init.o                 40
    memchr.o                    88
    strchr.o                    22
    strlen.o                    54
    zero_init3.o                56
    ------------------------------------------------
    Total:                   1'050

shb_l.a: [6]
    exit.o                      20
    ------------------------------------------------
    Total:                      20

    Gaps                        32        4
    Linker created                       36
----------------------------------------------------
    Grand Total:             9'144      716      632


*******************************************************************************
*** ENTRY LIST
***

Entry                       Address   Size  Type      Object
-----                       -------   ----  ----      ------
.iar.init_table$$Base        0x25f0          --   Gb  - Linker created -
.iar.init_table$$Limit       0x2614          --   Gb  - Linker created -
?main                        0x25bd         Code  Gb  cmain.o [5]
Cmd_End                 0x2000'0000    0x4  Data  Gb  main.o [1]
Delay_Init                   0x2305   0x44  Code  Gb  Delay.o [1]
FaultISR                     0x2577    0x2  Code  Lc  startup_ewarm.o [1]
GPIOF_Config                 0x223d   0x2e  Code  Gb  main.o [1]
IntDefaultHandler            0x2579    0x2  Code  Lc  startup_ewarm.o [1]
MyLowLevelPutchar            0x24a9   0x12  Code  Gb  retarget.o [1]
NEXTION_SendString           0x21a5   0x28  Code  Gb  main.o [1]
NmiSR                        0x2575    0x2  Code  Lc  startup_ewarm.o [1]
Region$$Table$$Base          0x25f0          --   Gb  - Linker created -
Region$$Table$$Limit         0x2614          --   Gb  - Linker created -
ResetISR                     0x2559   0x18  Code  Gb  startup_ewarm.o [1]
SysTick_Handler              0x2449   0x14  Code  Gb  tm4c123_it.o [1]
SystemCoreClock         0x2000'0004    0x4  Data  Gb  system_TM4C123.o [2]
SystemInit                   0x2365   0x74  Code  Gb  system_TM4C123.o [2]
UART0_Config                 0x1ea9  0x116  Code  Gb  UART.o [1]
UART0_Handler                0x2409   0x2a  Code  Gb  tm4c123_it.o [1]
UART0_SendByte               0x1fbf   0x10  Code  Gb  UART.o [1]
UART3_Config                 0x1fd1   0xe4  Code  Gb  UART.o [1]
UART3_Handler                0x2433   0x16  Code  Gb  tm4c123_it.o [1]
UART_ReceiveData             0x2129   0x16  Code  Gb  UART.o [1]
UART_SendData                0x213f   0x1c  Code  Gb  UART.o [1]
_LitobFullNoMb                0xf89  0x10c  Code  Lc  xprintffull_nomb.o [3]
_PrintfFullNoMb               0x26d  0xcec  Code  Gb  xprintffull_nomb.o [3]
_Prout                       0x2635   0x16  Code  Gb  xprout.o [3]
_PutcharFullNoMb             0x10ed   0x20  Code  Lc  xprintffull_nomb.o [3]
_PutcharsFullNoMb            0x110d   0x2e  Code  Lc  xprintffull_nomb.o [3]
_SProut                      0x11c3    0xa  Code  Gb  xsprout.o [3]
__NVIC_EnableIRQ             0x1e69   0x1c  Code  Lc  UART.o [1]
__NVIC_SetPriority           0x22e1   0x24  Code  Lc  Delay.o [1]
__NVIC_SetPriority           0x1e85   0x24  Code  Lc  UART.o [1]
__aeabi_cdcmple              0x1385         Code  Gb  DblCmpLe.o [4]
__aeabi_cdrcmple             0x13b9         Code  Gb  DblCmpGe.o [4]
__aeabi_d2iz                 0x1529         Code  Gb  DblToS32.o [4]
__aeabi_d2uiz                0x1a2d         Code  Gb  DblToU32.o [4]
__aeabi_dadd                 0x1585         Code  Gb  DblAddSub.o [4]
__aeabi_ddiv                 0x17e5         Code  Gb  DblDiv.o [4]
__aeabi_dmul                 0x1a6d         Code  Gb  DblMul.o [4]
__aeabi_dsub                 0x1701         Code  Gb  DblAddSub.o [4]
__aeabi_f2d                  0x215d         Code  Gb  FltToDbl.o [4]
__aeabi_i2d                  0x1561         Code  Gb  S32ToDbl.o [4]
__aeabi_ldiv0                0x1e51         Code  Gb  I64DivZer.o [5]
__aeabi_ui2d                 0x1a51         Code  Gb  U32ToDbl.o [4]
__aeabi_uldivmod             0x1c19         Code  Gb  I64DivMod.o [5]
__cmain                      0x25bd         Code  Gb  cmain.o [5]
__exit                       0x1e55   0x14  Code  Gb  exit.o [6]
__iar_Fail_s                 0x11cd   0x1c  Code  Gb  xfail_s.o [3]
__iar_Memchr                 0x1245         Code  Gb  memchr.o [5]
__iar_Strchr                 0x11ad         Code  Gb  strchr.o [5]
__iar_copy_init3             0x1183   0x2a  Code  Gb  copy_init3.o [5]
__iar_data_init3             0x2531   0x28  Code  Gb  data_init.o [5]
__iar_frexp                  0x1321         Code  Gb  frexp.o [4]
__iar_frexpl                 0x1321         Code  Gb  frexp.o [4]
__iar_init_vfp               0x2599         Code  Gb  fpinit_M.o [4]
__iar_ldexp64                0x13ed         Code  Gb  ldexp.o [4]
__iar_program_start          0x257d         Code  Gb  cstartup_M.o [5]
__iar_scalbln64              0x13ed         Code  Gb  ldexp.o [4]
__iar_scalbn64               0x13ed         Code  Gb  ldexp.o [4]
__iar_softfp___iar_frexp64
                             0x1315         Code  Gb  frexp.o [4]
__iar_softfp_frexp           0x1315         Code  Gb  frexp.o [4]
__iar_softfp_frexpl          0x1315         Code  Gb  frexp.o [4]
__iar_unaligned_memcpy       0x129d         Code  Gb  ABImemcpy_unaligned.o [5]
__iar_unaligned_memcpy4
                             0x12bd         Code  Gb  ABImemcpy_unaligned.o [5]
__iar_unaligned_memcpy8
                             0x12bd         Code  Gb  ABImemcpy_unaligned.o [5]
__iar_zero_init3             0x24f7   0x38  Code  Gb  zero_init3.o [5]
__low_level_init             0x25db    0x4  Code  Gb  low_level_init.o [3]
__vector_table                  0x0  0x26c  Data  Gb  startup_ewarm.o [1]
__write                      0x24bb   0x3c  Code  Gb  retarget.o [1]
_call_main                   0x25c9         Code  Gb  cmain.o [5]
_exit                        0x25e5         Code  Gb  cexit.o [5]
abort                        0x1e49    0x6  Code  Gb  abort.o [3]
data                    0x2000'0070    0x4  Data  Gb  main.o [1]
exit                         0x25df    0x4  Code  Gb  exit.o [3]
ldexp                        0x13ed         Code  Gb  ldexp.o [4]
ldexpl                       0x13ed         Code  Gb  ldexp.o [4]
main                         0x21cd   0x70  Code  Gb  main.o [1]
memchr                       0x1245         Code  Gb  memchr.o [5]
printf                       0x2481   0x28  Code  Gb  printf.o [3]
pui32Stack              0x2000'0078  0x200  Data  Lc  startup_ewarm.o [1]
putchar                      0x2615   0x20  Code  Gb  putchar.o [3]
rxBuffer                0x2000'0008   0x64  Data  Gb  main.o [1]
scalbln                      0x13ed         Code  Gb  ldexp.o [4]
scalblnl                     0x13ed         Code  Gb  ldexp.o [4]
scalbn                       0x13ed         Code  Gb  ldexp.o [4]
scalbnl                      0x13ed         Code  Gb  ldexp.o [4]
scale                        0x1095   0x46  Code  Lc  xprintffull_nomb.o [3]
sec_hand                0x2000'0074    0x4  Data  Lc  xfail_s.o [3]
sprintf                      0x22a1   0x40  Code  Gb  sprintf.o [3]
strchr                       0x11ad         Code  Gb  strchr.o [5]
strlen                       0x120d         Code  Gb  strlen.o [5]
uwTick                  0x2000'006c    0x4  Data  Gb  Delay.o [1]


[1] = D:\CURSOS\NEXTION\CODIGO\TIVA C\Button\Debug\Obj\Core\Scr
[2] = D:\CURSOS\NEXTION\CODIGO\TIVA C\Button\Debug\Obj\Drivers\CMSIS
[3] = dl7M_tln.a
[4] = m7M_tls.a
[5] = rt7M_tl.a
[6] = shb_l.a

  9'144 bytes of readonly  code memory
    716 bytes of readonly  data memory
    632 bytes of readwrite data memory

Errors: none
Warnings: none
