###############################################################################
#
# IAR ELF Linker V9.10.1.308/W64 for ARM                  19/Sep/2021  10:56:52
# Copyright 2007-2021 IAR Systems AB.
#
#    Output file  =
#        D:\TRABAJO\UMAKER\CURSOS\ARM - TIVA C -
#        AGOSTO\TIVA-C_Source\ADC\Debug\Exe\Template.out
#    Map file     =
#        D:\TRABAJO\UMAKER\CURSOS\ARM - TIVA C -
#        AGOSTO\TIVA-C_Source\ADC\Debug\List\Template.map
#    Command line =
#        -f "D:\TRABAJO\UMAKER\CURSOS\ARM - TIVA C -
#        AGOSTO\TIVA-C_Source\ADC\Debug\Exe\Template.out.rsp"
#        ("D:\TRABAJO\UMAKER\CURSOS\ARM - TIVA C -
#        AGOSTO\TIVA-C_Source\ADC\Debug\Obj\Core\Scr\main.o"
#        "D:\TRABAJO\UMAKER\CURSOS\ARM - TIVA C -
#        AGOSTO\TIVA-C_Source\ADC\Debug\Obj\Core\Scr\retarget.o"
#        "D:\TRABAJO\UMAKER\CURSOS\ARM - TIVA C -
#        AGOSTO\TIVA-C_Source\ADC\Debug\Obj\Core\Scr\startup_ewarm.o"
#        "D:\TRABAJO\UMAKER\CURSOS\ARM - TIVA C -
#        AGOSTO\TIVA-C_Source\ADC\Debug\Obj\Drivers\CMSIS\system_TM4C123.o"
#        "D:\TRABAJO\UMAKER\CURSOS\ARM - TIVA C -
#        AGOSTO\TIVA-C_Source\ADC\Debug\Obj\Core\Scr\tm4c123_it.o"
#        "D:\TRABAJO\UMAKER\CURSOS\ARM - TIVA C -
#        AGOSTO\TIVA-C_Source\ADC\Debug\Obj\Core\Scr\UART.o" --no_out_extension
#        -o "D:\TRABAJO\UMAKER\CURSOS\ARM - TIVA C -
#        AGOSTO\TIVA-C_Source\ADC\Debug\Exe\Template.out" --redirect
#        _Printf=_PrintfFullNoMb --redirect _Scanf=_ScanfFullNoMb --map
#        "D:\TRABAJO\UMAKER\CURSOS\ARM - TIVA C -
#        AGOSTO\TIVA-C_Source\ADC\Debug\List\Template.map" --config
#        "D:\archivos de programa\IAR Systems\Embedded Workbench
#        9.0\arm\config\linker\TexasInstruments\TM4C123GH6.icf" --semihosting
#        --entry __iar_program_start --vfe --text_out locale)
#
###############################################################################

*******************************************************************************
*** RUNTIME MODEL ATTRIBUTES
***

CppFlavor       = *
__SystemLibrary = DLib
__dlib_version  = 6


*******************************************************************************
*** HEAP SELECTION
***

The basic heap was selected because some modules are built with
size limitations (and not runtime checking), and --advanced_heap
was not specified.


*******************************************************************************
*** PLACEMENT SUMMARY
***

"A0":  place at address 0x0 { ro section .intvec };
"P1":  place in [from 0x0 to 0x3'ffff] { ro };
define block CSTACK with size = 4K, alignment = 8 { };
define block HEAP with size = 8K, alignment = 8 { };
"P2":  place in [from 0x2000'0000 to 0x2000'7fff] {
          rw, block CSTACK, block HEAP };
do not initialize { rw section .noinit };
initialize by copy { rw };

  Section            Kind         Address    Size  Object
  -------            ----         -------    ----  ------
"A0":                                       0x26c
  .intvec            const            0x0   0x26c  startup_ewarm.o [1]
                                  - 0x26c   0x26c

"P1":                                      0x2254
  .text              ro code        0x26c   0xf16  xprintffull_nomb.o [3]
  .text              ro code       0x1182    0x2a  copy_init3.o [5]
  .text              ro code       0x11ac    0x16  strchr.o [5]
  .text              ro code       0x11c4    0x40  xfail_s.o [3]
  .text              ro code       0x1204    0x36  strlen.o [5]
  .text              ro code       0x123c    0x58  memchr.o [5]
  .text              ro code       0x1294    0x76  ABImemcpy_unaligned.o [5]
  .text              ro code       0x130c    0x70  frexp.o [4]
  .text              ro code       0x137c    0x34  DblCmpLe.o [4]
  .text              ro code       0x13b0    0x34  DblCmpGe.o [4]
  .text              ro code       0x13e4   0x13a  ldexp.o [4]
  .text              ro code       0x1520    0x36  DblToS32.o [4]
  .text              ro code       0x1558    0x22  S32ToDbl.o [4]
  .text              ro code       0x157c   0x25e  DblAddSub.o [4]
  .text              ro code       0x17dc   0x246  DblDiv.o [4]
  .text              ro code       0x1a24    0x22  DblToU32.o [4]
  .text              ro code       0x1a48    0x1c  U32ToDbl.o [4]
  .text              ro code       0x1a64   0x1aa  DblMul.o [4]
  .text              ro code       0x1c10   0x230  I64DivMod.o [5]
  .text              ro code       0x1e40     0x6  abort.o [3]
  .text              ro code       0x1e48     0x2  I64DivZer.o [5]
  .text              ro code       0x1e4c    0x14  exit.o [6]
  .text              ro code       0x1e60   0x240  main.o [1]
  .text              ro code       0x20a0   0x140  UART.o [1]
  .text              ro code       0x21e0    0x48  FltToDbl.o [4]
  .text              ro code       0x2228    0xa4  system_TM4C123.o [2]
  .text              ro code       0x22cc    0x50  tm4c123_it.o [1]
  .text              ro code       0x231c    0x28  printf.o [3]
  .text              ro code       0x2344    0x4e  retarget.o [1]
  .text              ro code       0x2394    0x28  data_init.o [5]
  .text              ro code       0x23bc    0x22  startup_ewarm.o [1]
  .text              ro code       0x23e0    0x1c  cstartup_M.o [5]
  .text              ro code       0x23fc    0x22  fpinit_M.o [4]
  .text              ro code       0x2420    0x1e  cmain.o [5]
  .text              ro code       0x243e     0x4  low_level_init.o [3]
  .text              ro code       0x2442     0x4  exit.o [3]
  .text              ro code       0x2448     0xa  cexit.o [5]
  .iar.init_table    const         0x2454    0x14  - Linker created -
  .text              ro code       0x2468    0x20  putchar.o [3]
  .text              ro code       0x2488    0x16  xprout.o [3]
  .rodata            const         0x24a0    0x14  tm4c123_it.o [1]
  Initializer bytes  const         0x24b4     0xc  <for P2-1>
  .rodata            const         0x24c0     0x0  copy_init3.o [5]
                                 - 0x24c0  0x2254

"P2", part 1 of 2:                            0xc
  P2-1                        0x2000'0000     0xa  <Init block>
    .data            inited   0x2000'0000     0x4  system_TM4C123.o [2]
    .bss             inited   0x2000'0004     0x4  xfail_s.o [3]
    .bss             inited   0x2000'0008     0x2  main.o [1]
                            - 0x2000'000a     0xa

"P2", part 2 of 2:                          0x200
  .noinit            uninit   0x2000'000c   0x200  startup_ewarm.o [1]
                            - 0x2000'020c   0x200

Unused ranges:

         From           To      Size
         ----           --      ----
       0x24c0     0x3'ffff  0x3'db40
  0x2000'020c  0x2000'7fff    0x7df4


*******************************************************************************
*** INIT TABLE
***

          Address      Size
          -------      ----
Copy (__iar_copy_init3)
    1 source range, total size 0xc (120% of destination):
               0x24b4   0xc
    1 destination range, total size 0xa:
          0x2000'0000   0xa



*******************************************************************************
*** MODULE SUMMARY
***

    Module                 ro code  ro data  rw data
    ------                 -------  -------  -------
command line/config:
    ------------------------------------------------
    Total:

D:\TRABAJO\UMAKER\CURSOS\ARM - TIVA C - AGOSTO\TIVA-C_Source\ADC\Debug\Obj\Core\Scr: [1]
    UART.o                     320
    main.o                     576        2        2
    retarget.o                  78
    startup_ewarm.o             34      620      512
    tm4c123_it.o                80       20
    ------------------------------------------------
    Total:                   1'088      642      514

D:\TRABAJO\UMAKER\CURSOS\ARM - TIVA C - AGOSTO\TIVA-C_Source\ADC\Debug\Obj\Drivers\CMSIS: [2]
    system_TM4C123.o           164        4        4
    ------------------------------------------------
    Total:                     164        4        4

dl7M_tln.a: [3]
    abort.o                      6
    exit.o                       4
    low_level_init.o             4
    printf.o                    40
    putchar.o                   32
    xfail_s.o                   64        4        4
    xprintffull_nomb.o       3'862
    xprout.o                    22
    ------------------------------------------------
    Total:                   4'034        4        4

m7M_tls.a: [4]
    DblAddSub.o                606
    DblCmpGe.o                  52
    DblCmpLe.o                  52
    DblDiv.o                   582
    DblMul.o                   426
    DblToS32.o                  54
    DblToU32.o                  34
    FltToDbl.o                  72
    S32ToDbl.o                  34
    U32ToDbl.o                  28
    fpinit_M.o                  34
    frexp.o                    112
    ldexp.o                    314
    ------------------------------------------------
    Total:                   2'400

rt7M_tl.a: [5]
    ABImemcpy_unaligned.o      118
    I64DivMod.o                560
    I64DivZer.o                  2
    cexit.o                     10
    cmain.o                     30
    copy_init3.o                42
    cstartup_M.o                28
    data_init.o                 40
    memchr.o                    88
    strchr.o                    22
    strlen.o                    54
    ------------------------------------------------
    Total:                     994

shb_l.a: [6]
    exit.o                      20
    ------------------------------------------------
    Total:                      20

    Gaps                        32        4
    Linker created                       22
----------------------------------------------------
    Grand Total:             8'732      676      522


*******************************************************************************
*** ENTRY LIST
***

Entry                       Address   Size  Type      Object
-----                       -------   ----  ----      ------
.iar.init_table$$Base        0x2454          --   Gb  - Linker created -
.iar.init_table$$Limit       0x2468          --   Gb  - Linker created -
?main                        0x2421         Code  Gb  cmain.o [5]
ADC0SS0_Handler              0x22cd   0x50  Code  Gb  tm4c123_it.o [1]
ADC_ModuleInit               0x1ec1   0x4e  Code  Gb  main.o [1]
ADC_SampleSeqConfig          0x1f0f   0x70  Code  Gb  main.o [1]
FaultISR                     0x23db    0x2  Code  Lc  startup_ewarm.o [1]
GPIO_Config                  0x2001   0x2e  Code  Gb  main.o [1]
IntDefaultHandler            0x23dd    0x2  Code  Lc  startup_ewarm.o [1]
MyLowLevelPutchar            0x2345   0x12  Code  Gb  retarget.o [1]
NmiSR                        0x23d9    0x2  Code  Lc  startup_ewarm.o [1]
Region$$Table$$Base          0x2454          --   Gb  - Linker created -
Region$$Table$$Limit         0x2468          --   Gb  - Linker created -
ResetISR                     0x23bd   0x18  Code  Gb  startup_ewarm.o [1]
SystemCoreClock         0x2000'0000    0x4  Data  Gb  system_TM4C123.o [2]
SystemInit                   0x2229   0x74  Code  Gb  system_TM4C123.o [2]
TIMER3_PeriodicMode          0x1f7f   0x82  Code  Gb  main.o [1]
UART0_Config                 0x20a1   0xf0  Code  Gb  UART.o [1]
UART0_SendByte               0x2191   0x10  Code  Gb  UART.o [1]
_LitobFullNoMb                0xf89  0x10c  Code  Lc  xprintffull_nomb.o [3]
_PrintfFullNoMb               0x26d  0xcec  Code  Gb  xprintffull_nomb.o [3]
_Prout                       0x2489   0x16  Code  Gb  xprout.o [3]
_PutcharFullNoMb             0x10ed   0x20  Code  Lc  xprintffull_nomb.o [3]
_PutcharsFullNoMb            0x110d   0x2e  Code  Lc  xprintffull_nomb.o [3]
__NVIC_EnableIRQ             0x1e61   0x1c  Code  Lc  main.o [1]
__NVIC_SetPriority           0x1e7d   0x24  Code  Lc  main.o [1]
__aeabi_cdcmple              0x137d         Code  Gb  DblCmpLe.o [4]
__aeabi_cdrcmple             0x13b1         Code  Gb  DblCmpGe.o [4]
__aeabi_d2iz                 0x1521         Code  Gb  DblToS32.o [4]
__aeabi_d2uiz                0x1a25         Code  Gb  DblToU32.o [4]
__aeabi_dadd                 0x157d         Code  Gb  DblAddSub.o [4]
__aeabi_ddiv                 0x17dd         Code  Gb  DblDiv.o [4]
__aeabi_dmul                 0x1a65         Code  Gb  DblMul.o [4]
__aeabi_dsub                 0x16f9         Code  Gb  DblAddSub.o [4]
__aeabi_f2d                  0x21e1         Code  Gb  FltToDbl.o [4]
__aeabi_i2d                  0x1559         Code  Gb  S32ToDbl.o [4]
__aeabi_ldiv0                0x1e49         Code  Gb  I64DivZer.o [5]
__aeabi_ui2d                 0x1a49         Code  Gb  U32ToDbl.o [4]
__aeabi_uldivmod             0x1c11         Code  Gb  I64DivMod.o [5]
__cmain                      0x2421         Code  Gb  cmain.o [5]
__exit                       0x1e4d   0x14  Code  Gb  exit.o [6]
__iar_Fail_s                 0x11c5   0x1c  Code  Gb  xfail_s.o [3]
__iar_Memchr                 0x123d         Code  Gb  memchr.o [5]
__iar_Strchr                 0x11ad         Code  Gb  strchr.o [5]
__iar_copy_init3             0x1183   0x2a  Code  Gb  copy_init3.o [5]
__iar_data_init3             0x2395   0x28  Code  Gb  data_init.o [5]
__iar_frexp                  0x1319         Code  Gb  frexp.o [4]
__iar_frexpl                 0x1319         Code  Gb  frexp.o [4]
__iar_init_vfp               0x23fd         Code  Gb  fpinit_M.o [4]
__iar_ldexp64                0x13e5         Code  Gb  ldexp.o [4]
__iar_program_start          0x23e1         Code  Gb  cstartup_M.o [5]
__iar_scalbln64              0x13e5         Code  Gb  ldexp.o [4]
__iar_scalbn64               0x13e5         Code  Gb  ldexp.o [4]
__iar_softfp___iar_frexp64
                             0x130d         Code  Gb  frexp.o [4]
__iar_softfp_frexp           0x130d         Code  Gb  frexp.o [4]
__iar_softfp_frexpl          0x130d         Code  Gb  frexp.o [4]
__iar_unaligned_memcpy       0x1295         Code  Gb  ABImemcpy_unaligned.o [5]
__iar_unaligned_memcpy4
                             0x12b5         Code  Gb  ABImemcpy_unaligned.o [5]
__iar_unaligned_memcpy8
                             0x12b5         Code  Gb  ABImemcpy_unaligned.o [5]
__low_level_init             0x243f    0x4  Code  Gb  low_level_init.o [3]
__vector_table                  0x0  0x26c  Data  Gb  startup_ewarm.o [1]
__write                      0x2357   0x3c  Code  Gb  retarget.o [1]
_call_main                   0x242d         Code  Gb  cmain.o [5]
_exit                        0x2449         Code  Gb  cexit.o [5]
abort                        0x1e41    0x6  Code  Gb  abort.o [3]
data                    0x2000'0008    0x2  Data  Gb  main.o [1]
exit                         0x2443    0x4  Code  Gb  exit.o [3]
ldexp                        0x13e5         Code  Gb  ldexp.o [4]
ldexpl                       0x13e5         Code  Gb  ldexp.o [4]
main                         0x1ea1   0x20  Code  Gb  main.o [1]
memchr                       0x123d         Code  Gb  memchr.o [5]
printf                       0x231d   0x28  Code  Gb  printf.o [3]
pui32Stack              0x2000'000c  0x200  Data  Lc  startup_ewarm.o [1]
putchar                      0x2469   0x20  Code  Gb  putchar.o [3]
scalbln                      0x13e5         Code  Gb  ldexp.o [4]
scalblnl                     0x13e5         Code  Gb  ldexp.o [4]
scalbn                       0x13e5         Code  Gb  ldexp.o [4]
scalbnl                      0x13e5         Code  Gb  ldexp.o [4]
scale                        0x1095   0x46  Code  Lc  xprintffull_nomb.o [3]
sec_hand                0x2000'0004    0x4  Data  Lc  xfail_s.o [3]
strchr                       0x11ad         Code  Gb  strchr.o [5]
strlen                       0x1205         Code  Gb  strlen.o [5]


[1] = D:\TRABAJO\UMAKER\CURSOS\ARM - TIVA C - AGOSTO\TIVA-C_Source\ADC\Debug\Obj\Core\Scr
[2] = D:\TRABAJO\UMAKER\CURSOS\ARM - TIVA C - AGOSTO\TIVA-C_Source\ADC\Debug\Obj\Drivers\CMSIS
[3] = dl7M_tln.a
[4] = m7M_tls.a
[5] = rt7M_tl.a
[6] = shb_l.a

  8'732 bytes of readonly  code memory
    676 bytes of readonly  data memory
    522 bytes of readwrite data memory

Errors: none
Warnings: none
