###############################################################################
#
# IAR ELF Linker V9.10.1.308/W64 for ARM                  28/Aug/2021  18:43:00
# Copyright 2007-2021 IAR Systems AB.
#
#    Output file  =
#        D:\TRABAJO\UMAKER\CURSOS\ARM - TIVA C -
#        AGOSTO\TIVA-C_Source\ClockControl\Debug\Exe\Template.out
#    Map file     =
#        D:\TRABAJO\UMAKER\CURSOS\ARM - TIVA C -
#        AGOSTO\TIVA-C_Source\ClockControl\Debug\List\Template.map
#    Command line =
#        -f "D:\TRABAJO\UMAKER\CURSOS\ARM - TIVA C -
#        AGOSTO\TIVA-C_Source\ClockControl\Debug\Exe\Template.out.rsp"
#        ("D:\TRABAJO\UMAKER\CURSOS\ARM - TIVA C -
#        AGOSTO\TIVA-C_Source\ClockControl\Debug\Obj\Core\Scr\main.o"
#        "D:\TRABAJO\UMAKER\CURSOS\ARM - TIVA C -
#        AGOSTO\TIVA-C_Source\ClockControl\Debug\Obj\Core\Scr\PLL.o"
#        "D:\TRABAJO\UMAKER\CURSOS\ARM - TIVA C -
#        AGOSTO\TIVA-C_Source\ClockControl\Debug\Obj\Core\Scr\startup_ewarm.o"
#        "D:\TRABAJO\UMAKER\CURSOS\ARM - TIVA C -
#        AGOSTO\TIVA-C_Source\ClockControl\Debug\Obj\Drivers\CMSIS\system_TM4C123.o"
#        --no_out_extension -o "D:\TRABAJO\UMAKER\CURSOS\ARM - TIVA C -
#        AGOSTO\TIVA-C_Source\ClockControl\Debug\Exe\Template.out" --redirect
#        _Printf=_PrintfFullNoMb --redirect _Scanf=_ScanfFullNoMb --map
#        "D:\TRABAJO\UMAKER\CURSOS\ARM - TIVA C -
#        AGOSTO\TIVA-C_Source\ClockControl\Debug\List\Template.map" --config
#        "D:\archivos de programa\IAR Systems\Embedded Workbench
#        9.0\arm\config\linker\TexasInstruments\TM4C123GH6.icf" --semihosting
#        "D:\TRABAJO\UMAKER\CURSOS\ARM - TIVA C -
#        AGOSTO\TIVA-C_Source\ClockControl\driverlib.a" --entry
#        __iar_program_start --vfe --text_out locale)
#
###############################################################################

*******************************************************************************
*** MESSAGES
***

Warning[Lt009]: Inconsistent wchar_t size
            sysctl.o(driverlib.a) and 2 other objects in driverlib.a have
                      wchar_t size 16 bits
            main.o and 16 other objects, some of them in dl7M_tln.a and 11
                      other libraries have wchar_t size 32 bits


*******************************************************************************
*** RUNTIME MODEL ATTRIBUTES
***

CppFlavor       = *
__SystemLibrary = DLib
__dlib_version  = 6


*******************************************************************************
*** HEAP SELECTION
***

The basic heap was selected because some modules are built with
size limitations (and not runtime checking), and --advanced_heap
was not specified.


*******************************************************************************
*** PLACEMENT SUMMARY
***

"A0":  place at address 0x0 { ro section .intvec };
"P1":  place in [from 0x0 to 0x3'ffff] { ro };
define block CSTACK with size = 4K, alignment = 8 { };
define block HEAP with size = 8K, alignment = 8 { };
"P2":  place in [from 0x2000'0000 to 0x2000'7fff] {
          rw, block CSTACK, block HEAP };
do not initialize { rw section .noinit };
initialize by copy { rw };

  Section            Kind         Address   Size  Object
  -------            ----         -------   ----  ------
"A0":                                      0x26c
  .intvec            const            0x0  0x26c  startup_ewarm.o [1]
                                  - 0x26c  0x26c

"P1":                                      0x484
  .text              ro code        0x26c  0x1a4  sysctl.o [4]
  .text              ro code        0x410   0xa4  system_TM4C123.o [2]
  .text              ro code        0x4b4   0x9c  PLL.o [1]
  .text              ro code        0x550   0x84  main.o [1]
  .text              ro code        0x5d4   0x2a  copy_init3.o [6]
  .text              ro code        0x600   0x28  data_init.o [6]
  .text              ro code        0x628   0x22  startup_ewarm.o [1]
  .text              ro code        0x64c   0x1c  cstartup_M.o [6]
  .text              ro code        0x668   0x22  fpinit_M.o [5]
  .text              ro code        0x68c   0x1e  cmain.o [6]
  .text              ro code        0x6aa    0x4  low_level_init.o [3]
  .text              ro code        0x6ae    0x4  exit.o [3]
  .text              ro code        0x6b4    0xa  cexit.o [6]
  .text              ro code        0x6c0   0x14  exit.o [7]
  .iar.init_table    const          0x6d4   0x14  - Linker created -
  Initializer bytes  const          0x6e8    0x8  <for P2-1>
  .rodata            const          0x6f0    0x0  copy_init3.o [6]
                                  - 0x6f0  0x484

"P2", part 1 of 2:                           0x8
  P2-1                        0x2000'0000    0x8  <Init block>
    .data            inited   0x2000'0000    0x4  system_TM4C123.o [2]
    .bss             inited   0x2000'0004    0x4  main.o [1]
                            - 0x2000'0008    0x8

"P2", part 2 of 2:                         0x200
  .noinit            uninit   0x2000'0008  0x200  startup_ewarm.o [1]
                            - 0x2000'0208  0x200

Unused ranges:

         From           To      Size
         ----           --      ----
        0x6f0     0x3'ffff  0x3'f910
  0x2000'0208  0x2000'7fff    0x7df8


*******************************************************************************
*** INIT TABLE
***

          Address      Size
          -------      ----
Copy (__iar_copy_init3)
    1 source range, total size 0x8:
                0x6e8   0x8
    1 destination range, total size 0x8:
          0x2000'0000   0x8



*******************************************************************************
*** MODULE SUMMARY
***

    Module            ro code  ro data  rw data
    ------            -------  -------  -------
command line/config:
    -------------------------------------------
    Total:

D:\TRABAJO\UMAKER\CURSOS\ARM - TIVA C - AGOSTO\TIVA-C_Source\ClockControl\Debug\Obj\Core\Scr: [1]
    PLL.o                 156
    main.o                132        4        4
    startup_ewarm.o        34      620      512
    -------------------------------------------
    Total:                322      624      516

D:\TRABAJO\UMAKER\CURSOS\ARM - TIVA C - AGOSTO\TIVA-C_Source\ClockControl\Debug\Obj\Drivers\CMSIS: [2]
    system_TM4C123.o      164        4        4
    -------------------------------------------
    Total:                164        4        4

dl7M_tln.a: [3]
    exit.o                  4
    low_level_init.o        4
    -------------------------------------------
    Total:                  8

driverlib.a: [4]
    sysctl.o              420
    -------------------------------------------
    Total:                420

m7M_tls.a: [5]
    fpinit_M.o             34
    -------------------------------------------
    Total:                 34

rt7M_tl.a: [6]
    cexit.o                10
    cmain.o                30
    copy_init3.o           42
    cstartup_M.o           28
    data_init.o            40
    -------------------------------------------
    Total:                150

shb_l.a: [7]
    exit.o                 20
    -------------------------------------------
    Total:                 20

    Gaps                   10
    Linker created                  20
-----------------------------------------------
    Grand Total:        1'128      648      520


*******************************************************************************
*** ENTRY LIST
***

Entry                       Address   Size  Type      Object
-----                       -------   ----  ----      ------
.iar.init_table$$Base         0x6d4          --   Gb  - Linker created -
.iar.init_table$$Limit        0x6e8          --   Gb  - Linker created -
?main                         0x68d         Code  Gb  cmain.o [6]
ChangeClockSysclk             0x585   0x3e  Code  Gb  main.o [1]
FaultISR                      0x647    0x2  Code  Lc  startup_ewarm.o [1]
IntDefaultHandler             0x649    0x2  Code  Lc  startup_ewarm.o [1]
NmiSR                         0x645    0x2  Code  Lc  startup_ewarm.o [1]
PLL_Config                    0x4b5   0x9c  Code  Gb  PLL.o [1]
Region$$Table$$Base           0x6d4          --   Gb  - Linker created -
Region$$Table$$Limit          0x6e8          --   Gb  - Linker created -
ResetISR                      0x629   0x18  Code  Gb  startup_ewarm.o [1]
SysCtlClockGet                0x26d  0x110  Code  Gb  sysctl.o [4]
SystemCoreClock         0x2000'0000    0x4  Data  Gb  system_TM4C123.o [2]
SystemInit                    0x411   0x74  Code  Gb  system_TM4C123.o [2]
__cmain                       0x68d         Code  Gb  cmain.o [6]
__exit                        0x6c1   0x14  Code  Gb  exit.o [7]
__iar_copy_init3              0x5d5   0x2a  Code  Gb  copy_init3.o [6]
__iar_data_init3              0x601   0x28  Code  Gb  data_init.o [6]
__iar_init_vfp                0x669         Code  Gb  fpinit_M.o [5]
__iar_program_start           0x64d         Code  Gb  cstartup_M.o [6]
__low_level_init              0x6ab    0x4  Code  Gb  low_level_init.o [3]
__vector_table                  0x0  0x26c  Data  Gb  startup_ewarm.o [1]
_call_main                    0x699         Code  Gb  cmain.o [6]
_exit                         0x6b5         Code  Gb  cexit.o [6]
exit                          0x6af    0x4  Code  Gb  exit.o [3]
g_pui32Xtals                  0x3a4   0x6c  Data  Lc  sysctl.o [4]
main                          0x551   0x34  Code  Gb  main.o [1]
pui32Stack              0x2000'0008  0x200  Data  Lc  startup_ewarm.o [1]
sysFreq                 0x2000'0004    0x4  Data  Gb  main.o [1]


[1] = D:\TRABAJO\UMAKER\CURSOS\ARM - TIVA C - AGOSTO\TIVA-C_Source\ClockControl\Debug\Obj\Core\Scr
[2] = D:\TRABAJO\UMAKER\CURSOS\ARM - TIVA C - AGOSTO\TIVA-C_Source\ClockControl\Debug\Obj\Drivers\CMSIS
[3] = dl7M_tln.a
[4] = driverlib.a
[5] = m7M_tls.a
[6] = rt7M_tl.a
[7] = shb_l.a

  1'128 bytes of readonly  code memory
    648 bytes of readonly  data memory
    520 bytes of readwrite data memory

Errors: none
Warnings: 1
